/temps/4IF16.html                                  ( 2 hits )
/temps/3IF38.html                                  ( 1 hits )
/temps/4IF18.html                                  ( 1 hits )
/temps/4IF19.html                                  ( 1 hits )
/temps/4IF20.html                                  ( 1 hits )