Argument -t expects a number between 0 and 23
Abort