Cannot open file test.log. Either you don't have the right or it does not exists
Abort
