/favicon.ico                                       ( 2 hits )
/temps/                                            ( 2 hits )
/temps/precedent.gif                               ( 2 hits )
/temps/3IF38.html                                  ( 2 hits )
/temps/InsaIF.ico                                  ( 2 hits )
/temps/FondInsa.jpg                                ( 2 hits )
/temps/suivant.gif                                 ( 1 hits )
/                                                  ( 1 hits )
/temps/index.html                                  ( 1 hits )
/temps/choix.gif                                   ( 1 hits )